Name read from file - /TTToSemiLeptonic_TuneCP5_13TeV-powheg-pythia8/RunIISummer19UL17MiniAOD-106X_mc2017_realistic_v6-v2/MINIAODSIM
------------------------------------
GenXsecAnalyzer:
------------------------------------
-------------------------------------------------------------------------------------------------------------------------------------------------------------------------- 
Overall cross-section summary 
--------------------------------------------------------------------------------------------------------------------------------------------------------------------------
Process		xsec_before [pb]		passed	nposw	nnegw	tried	nposw	nnegw 	xsec_match [pb]			accepted [%]	 event_eff [%]
0		6.871e+02 +/- 5.174e-01		1000000	995941	4059	1000000	995941	4059	6.871e+02 +/- 5.174e-01		100.0 +/- 0.0	100.0 +/- 0.0
-------------------------------------------------------------------------------------------------------------------------------------------------------------------------- 
Total		6.871e+02 +/- 5.174e-01		1000000	995941	4059	1000000	995941	4059	6.871e+02 +/- 5.174e-01		100.0 +/- 0.0	100.0 +/- 0.0
--------------------------------------------------------------------------------------------------------------------------------------------------------------------------
Before matching: total cross section = 6.871e+02 +- 5.174e-01 pb
After matching: total cross section = 6.871e+02 +- 5.174e-01 pb
Matching efficiency = 1.0 +/- 0.0   [TO BE USED IN MCM]
Filter efficiency (taking into account weights)= (3.00895e+08) / (3.00895e+08) = 1.000e+00 +- 0.000e+00
Filter efficiency (event-level)= (1e+06) / (1e+06) = 1.000e+00 +- 0.000e+00    [TO BE USED IN MCM]

After filter: final cross section = 6.871e+02 +- 5.174e-01 pb
After filter: final fraction of events with negative weights = 4.059e-03 +- 2.327e-08
After filter: final equivalent lumi for 1M events (1/fb) = 1.432e+00 +- 1.778e-03

=============================================


Name read from file - /TTJets_TuneCP5_13TeV-amcatnloFXFX-pythia8/RunIISummer19UL17MiniAOD-106X_mc2017_realistic_v6-v1/MINIAODSIM
------------------------------------
GenXsecAnalyzer:
------------------------------------
-------------------------------------------------------------------------------------------------------------------------------------------------------------------------- 
Overall cross-section summary 
--------------------------------------------------------------------------------------------------------------------------------------------------------------------------
Process		xsec_before [pb]		passed	nposw	nnegw	tried	nposw	nnegw 	xsec_match [pb]			accepted [%]	 event_eff [%]
0		6.954e+02 +/- 1.459e+00		297723	236632	61091	620582	474100	146482	3.726e+02 +/- 1.148e+00		53.6 +/- 0.1	48.0 +/- 0.1
1		5.419e+02 +/- 2.411e+00		399520	261154	138366	1072142	666048	406094	2.560e+02 +/- 1.560e+00		47.2 +/- 0.2	37.3 +/- 0.0
2		2.853e+02 +/- 2.609e+00		302823	183657	119166	909449	527005	382444	1.273e+02 +/- 1.479e+00		44.6 +/- 0.3	33.3 +/- 0.0
-------------------------------------------------------------------------------------------------------------------------------------------------------------------------- 
Total		1.523e+03 +/- 3.840e+00		1000066	681443	318623	2602173	1667153	935020	7.546e+02 +/- 2.535e+00		49.6 +/- 0.1	38.4 +/- 0.0
--------------------------------------------------------------------------------------------------------------------------------------------------------------------------
Before matching: total cross section = 1.523e+03 +- 3.840e+00 pb
After matching: total cross section = 7.546e+02 +- 2.535e+00 pb
Matching efficiency = 0.4 +/- 0.0   [TO BE USED IN MCM]
Filter efficiency (taking into account weights)= (2.00349e+09) / (2.00349e+09) = 1.000e+00 +- 0.000e+00
Filter efficiency (event-level)= (1.00007e+06) / (1.00007e+06) = 1.000e+00 +- 0.000e+00    [TO BE USED IN MCM]

After filter: final cross section = 7.546e+02 +- 2.535e+00 pb
After filter: final fraction of events with negative weights = 3.186e-01 +- 8.389e-05
After filter: final equivalent lumi for 1M events (1/fb) = 1.744e-01 +- 2.294e-04

=============================================

Name read from file - /TTTo2L2Nu_TuneCP5_13TeV-powheg-pythia8/RunIISummer19UL17MiniAOD-106X_mc2017_realistic_v6-v2/MINIAODSIM

------------------------------------
GenXsecAnalyzer:
------------------------------------
-------------------------------------------------------------------------------------------------------------------------------------------------------------------------- 
Overall cross-section summary 
--------------------------------------------------------------------------------------------------------------------------------------------------------------------------
Process		xsec_before [pb]		passed	nposw	nnegw	tried	nposw	nnegw 	xsec_match [pb]			accepted [%]	 event_eff [%]
0		6.871e+02 +/- 5.174e-01		1000000	995972	4028	1000000	995972	4028	6.871e+02 +/- 5.174e-01		100.0 +/- 0.0	100.0 +/- 0.0
-------------------------------------------------------------------------------------------------------------------------------------------------------------------------- 
Total		6.871e+02 +/- 5.174e-01		1000000	995972	4028	1000000	995972	4028	6.871e+02 +/- 5.174e-01		100.0 +/- 0.0	100.0 +/- 0.0
--------------------------------------------------------------------------------------------------------------------------------------------------------------------------
Before matching: total cross section = 6.871e+02 +- 5.174e-01 pb
After matching: total cross section = 6.871e+02 +- 5.174e-01 pb
Matching efficiency = 1.0 +/- 0.0   [TO BE USED IN MCM]
Filter efficiency (taking into account weights)= (7.21126e+07) / (7.21126e+07) = 1.000e+00 +- 0.000e+00
Filter efficiency (event-level)= (1e+06) / (1e+06) = 1.000e+00 +- 0.000e+00    [TO BE USED IN MCM]

After filter: final cross section = 6.871e+02 +- 5.174e-01 pb
After filter: final fraction of events with negative weights = 4.028e-03 +- 2.305e-08
After filter: final equivalent lumi for 1M events (1/fb) = 1.432e+00 +- 1.778e-03

=============================================

Name read from file - /QCD_Pt_170to300_TuneCP5_13TeV_pythia8/RunIISummer19UL17MiniAOD-106X_mc2017_realistic_v6-v1/MINIAODSIM

------------------------------------
GenXsecAnalyzer:
------------------------------------
Before Filter: total cross sectio nbo=o 1.025e+05 +- 5.031e+01 pb
Filter efficiency (taking into account weights)= (1e+06) / (1e+06) = 1.000e+00 +- 0.000e+00
Filter efficiency (event-level)= (1e+06) / (1e+06) = 1.000e+00 +- 0.000e+00    [TO BE USED IN MCM]

After filter: final cross section = 1.025e+05 +- 5.031e+01 pb
After filter: final fraction of events with negative weights = 0.000e+00 +- 0.000e+00
After filter: final equivalent lumi for 1M events (1/fb) = 9.752e-03 +- 1.086e-05

=============================================

Name read from file - /QCD_Pt_300to470_TuneCP5_13TeV_pythia8/RunIISummer19UL17MiniAOD-106X_mc2017_realistic_v6-v1/MINIAODSIM

------------------------------------
GenXsecAnalyzer:
------------------------------------
Before Filter: total cross section = 6.762e+03 +- 3.310e+00 pb
Filter efficiency (taking into account weights)= (1e+06) / (1e+06) = 1.000e+00 +- 0.000e+00
Filter efficiency (event-level)= (1e+06) / (1e+06) = 1.000e+00 +- 0.000e+00    [TO BE USED IN MCM]

After filter: final cross section = 6.762e+03 +- 3.310e+00 pb
After filter: final fraction of events with negative weights = 0.000e+00 +- 0.000e+00
After filter: final equivalent lumi for 1M events (1/fb) = 1.479e-01 +- 1.647e-04

=============================================

Name read from file - /QCD_Pt_470to600_TuneCP5_13TeV_pythia8/RunIISummer19UL17MiniAOD-106X_mc2017_realistic_v6-v2/MINIAODSIM

------------------------------------
GenXsecAnalyzer:
------------------------------------
Before Filter: total cross section = 5.461e+02 +- 2.589e-01 pb
Filter efficiency (taking into account weights)= (1e+06) / (1e+06) = 1.000e+00 +- 0.000e+00
Filter efficiency (event-level)= (1e+06) / (1e+06) = 1.000e+00 +- 0.000e+00    [TO BE USED IN MCM]

After filter: final cross section = 5.461e+02 +- 2.589e-01 pb
After filter: final fraction of events with negative weights = 0.000e+00 +- 0.000e+00
After filter: final equivalent lumi for 1M events (1/fb) = 1.831e+00 +- 2.026e-03

=============================================

Name read from file - /QCD_Pt_600to800_TuneCP5_13TeV_pythia8/RunIISummer19UL17MiniAOD-106X_mc2017_realistic_v6-v2/MINIAODSIM

------------------------------------
GenXsecAnalyzer:
------------------------------------
Before Filter: total cross section = 1.549e+02 +- 7.353e-02 pb
Filter efficiency (taking into account weights)= (1e+06) / (1e+06) = 1.000e+00 +- 0.000e+00
Filter efficiency (event-level)= (1e+06) / (1e+06) = 1.000e+00 +- 0.000e+00    [TO BE USED IN MCM]

After filter: final cross section = 1.549e+02 +- 7.353e-02 pb
After filter: final fraction of events with negative weights = 0.000e+00 +- 0.000e+00
After filter: final equivalent lumi for 1M events (1/fb) = 6.458e+00 +- 7.149e-03

=============================================

Name read from file - /QCD_Pt_800to1000_TuneCP5_13TeV_pythia8/RunIISummer19UL17MiniAOD-106X_mc2017_realistic_v6-v2/MINIAODSIM

------------------------------------
GenXsecAnalyzer:
------------------------------------
Before Filter: total cross section = 2.597e+01 +- 1.208e-02 pb
Filter efficiency (taking into account weights)= (1e+06) / (1e+06) = 1.000e+00 +- 0.000e+00
Filter efficiency (event-level)= (1e+06) / (1e+06) = 1.000e+00 +- 0.000e+00    [TO BE USED IN MCM]

After filter: final cross section = 2.597e+01 +- 1.208e-02 pb
After filter: final fraction of events with negative weights = 0.000e+00 +- 0.000e+00
After filter: final equivalent lumi for 1M events (1/fb) = 3.850e+01 +- 4.247e-02

=============================================

Name read from file - /QCD_Pt_1000to1400_TuneCP5_13TeV_pythia8/RunIISummer19UL17MiniAOD-106X_mc2017_realistic_v6-v2/MINIAODSIM

------------------------------------
GenXsecAnalyzer:
------------------------------------
Before Filter: total cross section = 7.398e+00 +- 3.529e-03 pb
Filter efficiency (taking into account weights)= (1e+06) / (1e+06) = 1.000e+00 +- 0.000e+00
Filter efficiency (event-level)= (1e+06) / (1e+06) = 1.000e+00 +- 0.000e+00    [TO BE USED IN MCM]

After filter: final cross section = 7.398e+00 +- 3.529e-03 pb
After filter: final fraction of events with negative weights = 0.000e+00 +- 0.000e+00
After filter: final equivalent lumi for 1M events (1/fb) = 1.352e+02 +- 1.498e-01

=============================================

Name read from file - /QCD_Pt_1400to1800_TuneCP5_13TeV_pythia8/RunIISummer19UL17MiniAOD-106X_mc2017_realistic_v6-v2/MINIAODSIM

------------------------------------
GenXsecAnalyzer:
------------------------------------
Before Filter: total cross section = 6.423e-01 +- 3.069e-04 pb
Filter efficiency (taking into account weights)= (1e+06) / (1e+06) = 1.000e+00 +- 0.000e+00
Filter efficiency (event-level)= (1e+06) / (1e+06) = 1.000e+00 +- 0.000e+00    [TO BE USED IN MCM]

After filter: final cross section = 6.423e-01 +- 3.069e-04 pb
After filter: final fraction of events with negative weights = 0.000e+00 +- 0.000e+00
After filter: final equivalent lumi for 1M events (1/fb) = 1.557e+03 +- 1.725e+00

=============================================

Name read from file - /QCD_Pt_1800to2400_TuneCP5_13TeV_pythia8/RunIISummer19UL17MiniAOD-106X_mc2017_realistic_v6-v2/MINIAODSIM

------------------------------------
GenXsecAnalyzer:
------------------------------------
Before Filter: total cross section = 8.671e-02 +- 4.301e-05 pb
Filter efficiency (taking into account weights)= (1e+06) / (1e+06) = 1.000e+00 +- 0.000e+00
Filter efficiency (event-level)= (1e+06) / (1e+06) = 1.000e+00 +- 0.000e+00    [TO BE USED IN MCM]

After filter: final cross section = 8.671e-02 +- 4.301e-05 pb
After filter: final fraction of events with negative weights = 0.000e+00 +- 0.000e+00
After filter: final equivalent lumi for 1M events (1/fb) = 1.153e+04 +- 1.287e+01

=============================================

Name read from file - /QCD_Pt_2400to3200_TuneCP5_13TeV_pythia8/RunIISummer19UL17MiniAOD-106X_mc2017_realistic_v6-v2/MINIAODSIM

------------------------------------
GenXsecAnalyzer:
------------------------------------
Before Filter: total cross section = 5.193e-03 +- 3.477e-06 pb
Filter efficiency (taking into account weights)= (567500) / (567500) = 1.000e+00 +- 0.000e+00
Filter efficiency (event-level)= (567500) / (567500) = 1.000e+00 +- 0.000e+00    [TO BE USED IN MCM]

After filter: final cross section = 5.193e-03 +- 3.477e-06 pb
After filter: final fraction of events with negative weights = 0.000e+00 +- 0.000e+00
After filter: final equivalent lumi for 1M events (1/fb) = 1.926e+05 +- 2.317e+02

=============================================

Name read from file - /QCD_Pt_3200toInf_TuneCP5_13TeV_pythia8/RunIISummer19UL17MiniAOD-106X_mc2017_realistic_v6-v2/MINIAODSIM

------------------------------------
GenXsecAnalyzer:
------------------------------------
Before Filter: total cross section = 1.340e-04 +- 7.873e-08 pb
Filter efficiency (taking into account weights)= (800000) / (800000) = 1.000e+00 +- 0.000e+00
Filter efficiency (event-level)= (800000) / (800000) = 1.000e+00 +- 0.000e+00    [TO BE USED IN MCM]

After filter: final cross section = 1.340e-04 +- 7.873e-08 pb
After filter: final fraction of events with negative weights = 0.000e+00 +- 0.000e+00
After filter: final equivalent lumi for 1M events (1/fb) = 7.464e+06 +- 8.658e+03

=============================================

Name read from file - /QCD_Pt-15to7000_TuneCH3_Flat_13TeV_herwig7/RunIISummer19UL17MiniAOD-106X_mc2017_realistic_v6-v1/MINIAODSIM

------------------------------------
GenXsecAnalyzer:
------------------------------------
Before Filter: total cross section = 7.149e+08 +- 1.347e+07 pb
Filter efficiency (taking into account weights)= (20229.2) / (20229.2) = 1.000e+00 +- 0.000e+00
Filter efficiency (event-level)= (1e+06) / (1e+06) = 1.000e+00 +- 0.000e+00    [TO BE USED IN MCM]

After filter: final cross section = 7.149e+08 +- 1.347e+07 pb
After filter: final fraction of events with negative weights = 0.000e+00 +- 0.000e+00
After filter: final equivalent lumi for 1M events (1/fb) = 1.399e-06 +- 2.640e-08

=============================================

Name read from file - /QCD_Pt-15to7000_TuneCP5_Flat2018_13TeV_pythia8/RunIISummer19UL17MiniAOD-106X_mc2017_realistic_v6-v2/MINIAODSIM

------------------------------------
GenXsecAnalyzer:
------------------------------------
Before Filter: total cross section = 1.347e+09 +- 8.560e+05 pb
Filter efficiency (taking into account weights)= (12633.1) / (12633.1) = 1.000e+00 +- 0.000e+00
Filter efficiency (event-level)= (1e+06) / (1e+06) = 1.000e+00 +- 0.000e+00    [TO BE USED IN MCM]

After filter: final cross section = 1.347e+09 +- 8.560e+05 pb
After filter: final fraction of events with negative weights = 0.000e+00 +- 0.000e+00
After filter: final equivalent lumi for 1M events (1/fb) = 7.425e-07 +- 8.798e-10

=============================================

Name read from file - /WJetsToLNu_TuneCP5_13TeV-madgraphMLM-pythia8/RunIISummer19UL17MiniAOD-106X_mc2017_realistic_v6-v2/MINIAODSIM

------------------------------------
GenXsecAnalyzer:
------------------------------------
-------------------------------------------------------------------------------------------------------------------------------------------------------------------------- 
Overall cross-section summary 
--------------------------------------------------------------------------------------------------------------------------------------------------------------------------
Process		xsec_before [pb]		passed	nposw	nnegw	tried	nposw	nnegw 	xsec_match [pb]			accepted [%]	 event_eff [%]
0		3.106e+04 +/- 2.103e+00		446094	446094	0	587959	587959	0	2.356e+04 +/- 1.749e+01		75.9 +/- 0.1	75.9 +/- 0.1
1		1.729e+04 +/- 6.068e+00		97996	97996	0	333945	333945	0	5.073e+03 +/- 1.381e+01		29.3 +/- 0.1	29.3 +/- 0.1
2		1.054e+04 +/- 3.611e+00		30302	30302	0	197308	197308	0	1.617e+03 +/- 8.614e+00		15.3 +/- 0.1	15.4 +/- 0.1
3		6.444e+03 +/- 2.131e+00		9150	9150	0	123748	123748	0	4.767e+02 +/- 4.821e+00		7.4 +/- 0.1	7.4 +/- 0.1
4		3.896e+03 +/- 1.484e+00		4496	4496	0	73047	73047	0	2.403e+02 +/- 3.486e+00		6.2 +/- 0.1	6.2 +/- 0.1
5		2.333e+04 +/- 2.643e+00		308046	308046	0	406340	406340	0	1.769e+04 +/- 1.588e+01		75.8 +/- 0.1	75.8 +/- 0.1
6		1.306e+04 +/- 5.431e+00		73060	73060	0	247389	247389	0	3.857e+03 +/- 1.214e+01		29.5 +/- 0.1	29.5 +/- 0.1
7		7.672e+03 +/- 2.973e+00		21570	21570	0	139634	139634	0	1.186e+03 +/- 7.473e+00		15.5 +/- 0.1	15.4 +/- 0.1
8		4.538e+03 +/- 1.717e+00		6320	6320	0	84308	84308	0	3.412e+02 +/- 4.144e+00		7.5 +/- 0.1	7.5 +/- 0.1
9		2.634e+03 +/- 1.139e+00		3045	3045	0	50564	50564	0	1.588e+02 +/- 2.802e+00		6.0 +/- 0.1	6.0 +/- 0.1
-------------------------------------------------------------------------------------------------------------------------------------------------------------------------- 
Total		1.205e+05 +/- 1.052e+01		1000079	1000079	0	2244242	2244242	0	5.368e+04 +/- 4.044e+01		44.6 +/- 0.0	44.6 +/- 0.0
--------------------------------------------------------------------------------------------------------------------------------------------------------------------------
Before matching: total cross section = 1.205e+05 +- 1.052e+01 pb
After matching: total cross section = 5.368e+04 +- 4.044e+01 pb
Matching efficiency = 0.4 +/- 0.0   [TO BE USED IN MCM]
Filter efficiency (taking into account weights)= (1.19319e+11) / (1.19319e+11) = 1.000e+00 +- 0.000e+00
Filter efficiency (event-level)= (1.00008e+06) / (1.00008e+06) = 1.000e+00 +- 0.000e+00    [TO BE USED IN MCM]

After filter: final cross section = 5.368e+04 +- 4.044e+01 pb
After filter: final fraction of events with negative weights = 0.000e+00 +- 0.000e+00
After filter: final equivalent lumi for 1M events (1/fb) = 1.863e-02 +- 2.332e-05

=============================================

Name read from file - /W1JetsToLNu_TuneCP5_13TeV-madgraphMLM-pythia8/RunIISummer19UL17MiniAOD-106X_mc2017_realistic_v6-v2/MINIAODSIM

------------------------------------
GenXsecAnalyzer:
------------------------------------
-------------------------------------------------------------------------------------------------------------------------------------------------------------------------- 
Overall cross-section summary 
--------------------------------------------------------------------------------------------------------------------------------------------------------------------------
Process		xsec_before [pb]		passed	nposw	nnegw	tried	nposw	nnegw 	xsec_match [pb]			accepted [%]	 event_eff [%]
0		1.731e+04 +/- 3.301e+00		566942	566942	0	1943235	1943235	0	5.051e+03 +/- 5.766e+00		29.2 +/- 0.0	29.2 +/- 0.0
1		1.308e+04 +/- 2.782e+00		433128	433128	0	1473012	1473012	0	3.846e+03 +/- 5.013e+00		29.4 +/- 0.0	29.4 +/- 0.0
-------------------------------------------------------------------------------------------------------------------------------------------------------------------------- 
Total		3.039e+04 +/- 4.316e+00		1000070	1000070	0	3416247	3416247	0	8.897e+03 +/- 7.640e+00		29.3 +/- 0.0	29.3 +/- 0.0
--------------------------------------------------------------------------------------------------------------------------------------------------------------------------
Before matching: total cross section = 3.039e+04 +- 4.316e+00 pb
After matching: total cross section = 8.897e+03 +- 7.640e+00 pb
Matching efficiency = 0.3 +/- 0.0   [TO BE USED IN MCM]
Filter efficiency (taking into account weights)= (2.99677e+10) / (2.99677e+10) = 1.000e+00 +- 0.000e+00
Filter efficiency (event-level)= (1.00007e+06) / (1.00007e+06) = 1.000e+00 +- 0.000e+00    [TO BE USED IN MCM]

After filter: final cross section = 8.897e+03 +- 7.640e+00 pb
After filter: final fraction of events with negative weights = 0.000e+00 +- 0.000e+00
After filter: final equivalent lumi for 1M events (1/fb) = 1.124e-01 +- 1.481e-04

=============================================

Name read from file - /W2JetsToLNu_TuneCP5_13TeV-madgraphMLM-pythia8/RunIISummer19UL17MiniAOD-106X_mc2017_realistic_v6-v2/MINIAODSIM

------------------------------------
GenXsecAnalyzer:
------------------------------------
-------------------------------------------------------------------------------------------------------------------------------------------------------------------------- 
Overall cross-section summary 
--------------------------------------------------------------------------------------------------------------------------------------------------------------------------
Process		xsec_before [pb]		passed	nposw	nnegw	tried	nposw	nnegw 	xsec_match [pb]			accepted [%]	 event_eff [%]
0		1.054e+04 +/- 1.204e+00		571750	571750	0	3720087	3720087	0	1.620e+03 +/- 1.993e+00		15.4 +/- 0.0	15.4 +/- 0.0
1		7.758e+03 +/- 1.144e+00		428322	428322	0	2734913	2734913	0	1.215e+03 +/- 1.726e+00		15.7 +/- 0.0	15.7 +/- 0.0
-------------------------------------------------------------------------------------------------------------------------------------------------------------------------- 
Total		1.830e+04 +/- 1.661e+00		1000072	1000072	0	6455000	6455000	0	2.835e+03 +/- 2.637e+00		15.5 +/- 0.0	15.5 +/- 0.0
--------------------------------------------------------------------------------------------------------------------------------------------------------------------------
Before matching: total cross section = 1.830e+04 +- 1.661e+00 pb
After matching: total cross section = 2.835e+03 +- 2.637e+00 pb
Matching efficiency = 0.2 +/- 0.0   [TO BE USED IN MCM]
Filter efficiency (taking into account weights)= (1.80397e+10) / (1.80397e+10) = 1.000e+00 +- 0.000e+00
Filter efficiency (event-level)= (1.00007e+06) / (1.00007e+06) = 1.000e+00 +- 0.000e+00    [TO BE USED IN MCM]

After filter: final cross section = 2.835e+03 +- 2.637e+00 pb
After filter: final fraction of events with negative weights = 0.000e+00 +- 0.000e+00
After filter: final equivalent lumi for 1M events (1/fb) = 3.528e-01 +- 4.818e-04

=============================================

Name read from file - /W3JetsToLNu_TuneCP5_13TeV-madgraphMLM-pythia8/RunIISummer19UL17MiniAOD-106X_mc2017_realistic_v6-v2/MINIAODSIM

------------------------------------
GenXsecAnalyzer:
------------------------------------
-------------------------------------------------------------------------------------------------------------------------------------------------------------------------- 
Overall cross-section summary 
--------------------------------------------------------------------------------------------------------------------------------------------------------------------------
Process		xsec_before [pb]		passed	nposw	nnegw	tried	nposw	nnegw 	xsec_match [pb]			accepted [%]	 event_eff [%]
0		6.433e+03 +/- 5.101e-01		581313	581313	0	7818140	7818140	0	4.783e+02 +/- 6.047e-01		7.4 +/- 0.0	7.4 +/- 0.0
1		4.541e+03 +/- 4.227e-01		418748	418748	0	5509433	5509433	0	3.452e+02 +/- 5.137e-01		7.6 +/- 0.0	7.6 +/- 0.0
-------------------------------------------------------------------------------------------------------------------------------------------------------------------------- 
Total		1.097e+04 +/- 6.625e-01		1000061	1000061	0	13327573	13327573	0	8.235e+02 +/- 7.935e-01		7.5 +/- 0.0	7.5 +/- 0.0
--------------------------------------------------------------------------------------------------------------------------------------------------------------------------
Before matching: total cross section = 1.097e+04 +- 6.625e-01 pb
After matching: total cross section = 8.235e+02 +- 7.935e-01 pb
Matching efficiency = 0.1 +/- 0.0   [TO BE USED IN MCM]
Filter efficiency (taking into account weights)= (1.08258e+06) / (1.08258e+06) = 1.000e+00 +- 0.000e+00
Filter efficiency (event-level)= (1.00006e+06) / (1.00006e+06) = 1.000e+00 +- 0.000e+00    [TO BE USED IN MCM]

After filter: final cross section = 8.235e+02 +- 7.935e-01 pb
After filter: final fraction of events with negative weights = 0.000e+00 +- 0.000e+00
After filter: final equivalent lumi for 1M events (1/fb) = 1.214e+00 +- 1.686e-03

=============================================

Name read from file - /W4JetsToLNu_TuneCP5_13TeV-madgraphMLM-pythia8/RunIISummer19UL17MiniAOD-106X_mc2017_realistic_v6-v2/MINIAODSIM

------------------------------------
GenXsecAnalyzer:
------------------------------------
-------------------------------------------------------------------------------------------------------------------------------------------------------------------------- 
Overall cross-section summary 
--------------------------------------------------------------------------------------------------------------------------------------------------------------------------
Process		xsec_before [pb]		passed	nposw	nnegw	tried	nposw	nnegw 	xsec_match [pb]			accepted [%]	 event_eff [%]
0		3.887e+03 +/- 2.788e-01		601892	601892	0	10077374	10077374	0	2.322e+02 +/- 2.955e-01		6.0 +/- 0.0	6.0 +/- 0.0
1		2.614e+03 +/- 2.189e-01		398180	398180	0	6686326	6686326	0	1.557e+02 +/- 2.435e-01		6.0 +/- 0.0	6.0 +/- 0.0
-------------------------------------------------------------------------------------------------------------------------------------------------------------------------- 
Total		6.502e+03 +/- 3.545e-01		1000072	1000072	0	16763700	16763700	0	3.880e+02 +/- 3.829e-01		6.0 +/- 0.0	6.0 +/- 0.0
--------------------------------------------------------------------------------------------------------------------------------------------------------------------------
Before matching: total cross section = 6.502e+03 +- 3.545e-01 pb
After matching: total cross section = 3.880e+02 +- 3.829e-01 pb
Matching efficiency = 0.1 +/- 0.0   [TO BE USED IN MCM]
Filter efficiency (taking into account weights)= (6.29558e+09) / (6.29558e+09) = 1.000e+00 +- 0.000e+00
Filter efficiency (event-level)= (1.00007e+06) / (1.00007e+06) = 1.000e+00 +- 0.000e+00    [TO BE USED IN MCM]

After filter: final cross section = 3.880e+02 +- 3.829e-01 pb
After filter: final fraction of events with negative weights = 0.000e+00 +- 0.000e+00
After filter: final equivalent lumi for 1M events (1/fb) = 2.578e+00 +- 3.622e-03

=============================================

Name read from file - /ST_s-channel_4f_leptonDecays_TuneCP5_13TeV-amcatnlo-pythia8/RunIISummer19UL17NanoMiniAOD-106X_mc2017_realistic_v6-v1/MINIAODSIM

------------------------------------
GenXsecAnalyzer:
------------------------------------
--------------------------------------------------------------------------------------------------------------------------------------------------------------------------
Overall cross-section summary
--------------------------------------------------------------------------------------------------------------------------------------------------------------------------
Process         xsec_before [pb]                passed  nposw   nnegw   tried   nposw   nnegw   xsec_match [pb]                 accepted [%]     event_eff [%]
0               2.189e+00 +/- 3.381e-03         616352  509160  107192  616352  509160  107192  2.189e+00 +/- 3.381e-03         100.0 +/- 0.0   100.0 +/- 0.0
1               1.360e+00 +/- 2.963e-03         383648  316598  67050   383648  316598  67050   1.360e+00 +/- 2.963e-03         100.0 +/- 0.0   100.0 +/- 0.0
--------------------------------------------------------------------------------------------------------------------------------------------------------------------------
Total           3.549e+00 +/- 4.496e-03         1000000 825758  174242  1000000 825758  174242  3.549e+00 +/- 4.496e-03         100.0 +/- 0.0   100.0 +/- 0.0
--------------------------------------------------------------------------------------------------------------------------------------------------------------------------
Before matching: total cross section = 3.549e+00 +- 4.496e-03 pb
After matching: total cross section = 3.549e+00 +- 4.496e-03 pb
Matching efficiency = 1.0 +/- 0.0   [TO BE USED IN MCM]
Filter efficiency (taking into account weights)= (3.5536e+06) / (3.5536e+06) = 1.000e+00 +- 0.000e+00
Filter efficiency (event-level)= (1e+06) / (1e+06) = 1.000e+00 +- 0.000e+00    [TO BE USED IN MCM]

After filter: final cross section = 3.549e+00 +- 4.496e-03 pb
After filter: final fraction of events with negative weights = 1.742e-01 +- 2.790e-05
After filter: final equivalent lumi for 1M events (1/fb) = 1.196e+02 +- 1.265e-01

=============================================


Name read from file - /ST_t-channel_top_5f_InclusiveDecays_TuneCP5_13TeV-powheg-pythia8/RunIISummer19UL17MiniAOD-106X_mc2017_realistic_v6-v1/MINIAODSIM

------------------------------------
GenXsecAnalyzer:
------------------------------------
-------------------------------------------------------------------------------------------------------------------------------------------------------------------------- 
Overall cross-section summary 
--------------------------------------------------------------------------------------------------------------------------------------------------------------------------
Process		xsec_before [pb]		passed	nposw	nnegw	tried	nposw	nnegw 	xsec_match [pb]			accepted [%]	 event_eff [%]
-------------------------------------------------------------------------------------------------------------------------------------------------------------------------- 
Total		1.197e+02 +/- 2.166e-01		1999900	1993984	5916	1999900	1993984	5916	1.197e+02 +/- 2.166e-01		100.0 +/- 0.0	100.0 +/- 0.0
--------------------------------------------------------------------------------------------------------------------------------------------------------------------------
Before matching: total cross section = 1.197e+02 +- 2.166e-01 pb
After matching: total cross section = 1.197e+02 +- 2.166e-01 pb
Matching efficiency = 1.0 +/- 0.0   [TO BE USED IN MCM]
Filter efficiency (taking into account weights)= (1.19687e+08) / (1.19687e+08) = 1.000e+00 +- 0.000e+00
Filter efficiency (event-level)= (1e+06) / (1e+06) = 1.000e+00 +- 0.000e+00    [TO BE USED IN MCM]

After filter: final cross section = 1.197e+02 +- 2.166e-01 pb
After filter: final fraction of events with negative weights = 2.958e-03 +- 1.127e-08
After filter: final equivalent lumi for 1M events (1/fb) = 8.255e+00 +- 1.697e-02

=============================================

Name read from file - /ST_tW_antitop_5f_NoFullyHadronicDecays_TuneCP5_13TeV-powheg-pythia8/RunIISummer19UL17MiniAOD-106X_mc2017_realistic_v6-v1/MINIAODSIM

------------------------------------
GenXsecAnalyzer:
------------------------------------
-------------------------------------------------------------------------------------------------------------------------------------------------------------------------- 
Overall cross-section summary 
--------------------------------------------------------------------------------------------------------------------------------------------------------------------------
Process		xsec_before [pb]		passed	nposw	nnegw	tried	nposw	nnegw 	xsec_match [pb]			accepted [%]	 event_eff [%]
-------------------------------------------------------------------------------------------------------------------------------------------------------------------------- 
Total		3.251e+01 +/- 2.346e-02		2000019	1999983	36	2000019	1999983	36	3.251e+01 +/- 2.346e-02		100.0 +/- 0.0	100.0 +/- 0.0
--------------------------------------------------------------------------------------------------------------------------------------------------------------------------
Before matching: total cross section = 3.251e+01 +- 2.346e-02 pb
After matching: total cross section = 3.251e+01 +- 2.346e-02 pb
Matching efficiency = 1.0 +/- 0.0   [TO BE USED IN MCM]
Filter efficiency (taking into account weights)= (3.25099e+07) / (3.25099e+07) = 1.000e+00 +- 0.000e+00
Filter efficiency (event-level)= (1.00006e+06) / (1.00006e+06) = 1.000e+00 +- 0.000e+00    [TO BE USED IN MCM]

After filter: final cross section = 3.251e+01 +- 2.346e-02 pb
After filter: final fraction of events with negative weights = 1.800e-05 +- 4.624e-12
After filter: final equivalent lumi for 1M events (1/fb) = 3.076e+01 +- 3.793e-02

=============================================

Name read from file - /ST_tW_top_5f_NoFullyHadronicDecays_TuneCP5_13TeV-powheg-pythia8/RunIISummer19UL17MiniAOD-106X_mc2017_realistic_v6-v1/MINIAODSIM

------------------------------------
GenXsecAnalyzer:
------------------------------------
-------------------------------------------------------------------------------------------------------------------------------------------------------------------------- 
Overall cross-section summary 
--------------------------------------------------------------------------------------------------------------------------------------------------------------------------
Process		xsec_before [pb]		passed	nposw	nnegw	tried	nposw	nnegw 	xsec_match [pb]			accepted [%]	 event_eff [%]
-------------------------------------------------------------------------------------------------------------------------------------------------------------------------- 
Total		3.245e+01 +/- 2.338e-02		2000011	1999959	52	2000011	1999959	52	3.245e+01 +/- 2.338e-02		100.0 +/- 0.0	100.0 +/- 0.0
--------------------------------------------------------------------------------------------------------------------------------------------------------------------------
Before matching: total cross section = 3.245e+01 +- 2.338e-02 pb
After matching: total cross section = 3.245e+01 +- 2.338e-02 pb
Matching efficiency = 1.0 +/- 0.0   [TO BE USED IN MCM]
Filter efficiency (taking into account weights)= (3.24476e+07) / (3.24476e+07) = 1.000e+00 +- 0.000e+00
Filter efficiency (event-level)= (1.00006e+06) / (1.00006e+06) = 1.000e+00 +- 0.000e+00    [TO BE USED IN MCM]

After filter: final cross section = 3.245e+01 +- 2.338e-02 pb
After filter: final fraction of events with negative weights = 2.600e-05 +- 8.025e-12
After filter: final equivalent lumi for 1M events (1/fb) = 3.082e+01 +- 3.798e-02

=============================================